Archive member included to satisfy reference by file (symbol)

c:/msys64/mingw64/bin/../lib/gcc/avr/8.4.0/avr5\libgcc.a(_exit.o)
                              c:/msys64/mingw64/bin/../lib/gcc/avr/8.4.0/../../../../avr/lib/avr5/crtatmega328p.o (exit)
c:/msys64/mingw64/bin/../lib/gcc/avr/8.4.0/avr5\libgcc.a(_copy_data.o)
                              main.o (__do_copy_data)
c:/msys64/mingw64/bin/../lib/gcc/avr/8.4.0/avr5\libgcc.a(_clear_bss.o)
                              main.o (__do_clear_bss)
c:/msys64/mingw64/bin/../lib/gcc/avr/8.4.0/../../../../avr/lib/avr5\libatmega328p.a(eerd_byte.o)
                              main.o (eeprom_read_byte)
c:/msys64/mingw64/bin/../lib/gcc/avr/8.4.0/../../../../avr/lib/avr5\libatmega328p.a(eewr_byte.o)
                              main.o (eeprom_write_byte)

Allocating common symbols
Common symbol       size              file

usbTxBuf            0xb               main.o
usbDeviceAddr       0x1               main.o
usbRxToken          0x1               main.o
usbInputBufOffset   0x1               main.o
usbMsgPtr           0x2               main.o
usbRxLen            0x1               main.o
usbNewDeviceAddr    0x1               main.o
usbCurrentTok       0x1               main.o
usbConfiguration    0x1               main.o
usbRxBuf            0x16              main.o

Discarded input sections

 .data          0x0000000000000000        0x0 c:/msys64/mingw64/bin/../lib/gcc/avr/8.4.0/../../../../avr/lib/avr5/crtatmega328p.o
 .bss           0x0000000000000000        0x0 c:/msys64/mingw64/bin/../lib/gcc/avr/8.4.0/../../../../avr/lib/avr5/crtatmega328p.o
 .data          0x0000000000000000        0x0 usbdrv/usbdrvasm.o
 .bss           0x0000000000000000        0x0 usbdrv/usbdrvasm.o
 .group         0x0000000000000000        0xc usbdrv/oddebug.o
 .group         0x0000000000000000        0xc usbdrv/oddebug.o
 .group         0x0000000000000000        0xc usbdrv/oddebug.o
 .group         0x0000000000000000        0xc usbdrv/oddebug.o
 .group         0x0000000000000000        0xc usbdrv/oddebug.o
 .group         0x0000000000000000        0xc usbdrv/oddebug.o
 .group         0x0000000000000000        0xc usbdrv/oddebug.o
 .group         0x0000000000000000        0xc usbdrv/oddebug.o
 .group         0x0000000000000000        0xc usbdrv/oddebug.o
 .group         0x0000000000000000        0xc usbdrv/oddebug.o
 .group         0x0000000000000000        0xc usbdrv/oddebug.o
 .group         0x0000000000000000        0xc usbdrv/oddebug.o
 .group         0x0000000000000000        0xc usbdrv/oddebug.o
 .group         0x0000000000000000        0xc usbdrv/oddebug.o
 .group         0x0000000000000000        0xc usbdrv/oddebug.o
 .group         0x0000000000000000        0xc usbdrv/oddebug.o
 .group         0x0000000000000000        0xc usbdrv/oddebug.o
 .group         0x0000000000000000        0xc usbdrv/oddebug.o
 .group         0x0000000000000000        0xc usbdrv/oddebug.o
 .text          0x0000000000000000        0x0 usbdrv/oddebug.o
 .data          0x0000000000000000        0x0 usbdrv/oddebug.o
 .bss           0x0000000000000000        0x0 usbdrv/oddebug.o
 .noinit        0x0000000000000000        0x2 usbdrv/oddebug.o
 .debug_info    0x0000000000000000       0x91 usbdrv/oddebug.o
 .debug_abbrev  0x0000000000000000       0x50 usbdrv/oddebug.o
 .debug_aranges
                0x0000000000000000       0x18 usbdrv/oddebug.o
 .debug_macro   0x0000000000000000       0xf9 usbdrv/oddebug.o
 .debug_macro   0x0000000000000000      0xb3e usbdrv/oddebug.o
 .debug_macro   0x0000000000000000       0x10 usbdrv/oddebug.o
 .debug_macro   0x0000000000000000      0x1c9 usbdrv/oddebug.o
 .debug_macro   0x0000000000000000      0x2fc usbdrv/oddebug.o
 .debug_macro   0x0000000000000000       0x9e usbdrv/oddebug.o
 .debug_macro   0x0000000000000000     0x1410 usbdrv/oddebug.o
 .debug_macro   0x0000000000000000      0x13a usbdrv/oddebug.o
 .debug_macro   0x0000000000000000       0xbd usbdrv/oddebug.o
 .debug_macro   0x0000000000000000       0x34 usbdrv/oddebug.o
 .debug_macro   0x0000000000000000       0x18 usbdrv/oddebug.o
 .debug_macro   0x0000000000000000       0x6c usbdrv/oddebug.o
 .debug_macro   0x0000000000000000      0x107 usbdrv/oddebug.o
 .debug_macro   0x0000000000000000       0x22 usbdrv/oddebug.o
 .debug_macro   0x0000000000000000      0x11c usbdrv/oddebug.o
 .debug_macro   0x0000000000000000       0x10 usbdrv/oddebug.o
 .debug_macro   0x0000000000000000       0x89 usbdrv/oddebug.o
 .debug_macro   0x0000000000000000       0xd2 usbdrv/oddebug.o
 .debug_macro   0x0000000000000000       0x27 usbdrv/oddebug.o
 .debug_macro   0x0000000000000000       0x22 usbdrv/oddebug.o
 .debug_line    0x0000000000000000      0x1c8 usbdrv/oddebug.o
 .debug_str     0x0000000000000000     0x85fe usbdrv/oddebug.o
 .comment       0x0000000000000000       0x12 usbdrv/oddebug.o
 .group         0x0000000000000000        0xc main.o
 .group         0x0000000000000000        0xc main.o
 .group         0x0000000000000000        0xc main.o
 .group         0x0000000000000000        0xc main.o
 .group         0x0000000000000000        0xc main.o
 .group         0x0000000000000000        0xc main.o
 .group         0x0000000000000000        0xc main.o
 .group         0x0000000000000000        0xc main.o
 .group         0x0000000000000000        0xc main.o
 .group         0x0000000000000000        0xc main.o
 .group         0x0000000000000000        0xc main.o
 .group         0x0000000000000000        0xc main.o
 .group         0x0000000000000000        0xc main.o
 .group         0x0000000000000000        0xc main.o
 .group         0x0000000000000000        0xc main.o
 .group         0x0000000000000000        0xc main.o
 .group         0x0000000000000000        0xc main.o
 .group         0x0000000000000000        0xc main.o
 .group         0x0000000000000000        0xc main.o
 .group         0x0000000000000000        0xc main.o
 .group         0x0000000000000000        0xc main.o
 .group         0x0000000000000000        0xc main.o
 .group         0x0000000000000000        0xc main.o
 .group         0x0000000000000000        0xc main.o
 .group         0x0000000000000000        0xc main.o
 .group         0x0000000000000000        0xc main.o
 .group         0x0000000000000000        0xc main.o
 .group         0x0000000000000000        0xc main.o
 .group         0x0000000000000000        0xc main.o
 .group         0x0000000000000000        0xc main.o
 .group         0x0000000000000000        0xc main.o
 .group         0x0000000000000000        0xc main.o
 .debug_macro   0x0000000000000000      0xb3e main.o
 .debug_macro   0x0000000000000000       0x10 main.o
 .debug_macro   0x0000000000000000      0x1c9 main.o
 .debug_macro   0x0000000000000000      0x2fc main.o
 .debug_macro   0x0000000000000000       0x9e main.o
 .debug_macro   0x0000000000000000     0x1410 main.o
 .debug_macro   0x0000000000000000      0x13a main.o
 .debug_macro   0x0000000000000000       0xbd main.o
 .debug_macro   0x0000000000000000       0x34 main.o
 .debug_macro   0x0000000000000000       0x18 main.o
 .debug_macro   0x0000000000000000       0x6c main.o
 .debug_macro   0x0000000000000000      0x107 main.o
 .debug_macro   0x0000000000000000       0x22 main.o
 .debug_macro   0x0000000000000000       0x10 main.o
 .debug_macro   0x0000000000000000       0x89 main.o
 .debug_macro   0x0000000000000000       0xd2 main.o
 .debug_macro   0x0000000000000000      0x11c main.o
 .debug_macro   0x0000000000000000       0x27 main.o
 .text          0x0000000000000000        0x0 c:/msys64/mingw64/bin/../lib/gcc/avr/8.4.0/avr5\libgcc.a(_exit.o)
 .data          0x0000000000000000        0x0 c:/msys64/mingw64/bin/../lib/gcc/avr/8.4.0/avr5\libgcc.a(_exit.o)
 .bss           0x0000000000000000        0x0 c:/msys64/mingw64/bin/../lib/gcc/avr/8.4.0/avr5\libgcc.a(_exit.o)
 .text.libgcc.mul
                0x0000000000000000        0x0 c:/msys64/mingw64/bin/../lib/gcc/avr/8.4.0/avr5\libgcc.a(_exit.o)
 .text.libgcc.div
                0x0000000000000000        0x0 c:/msys64/mingw64/bin/../lib/gcc/avr/8.4.0/avr5\libgcc.a(_exit.o)
 .text.libgcc   0x0000000000000000        0x0 c:/msys64/mingw64/bin/../lib/gcc/avr/8.4.0/avr5\libgcc.a(_exit.o)
 .text.libgcc.prologue
                0x0000000000000000        0x0 c:/msys64/mingw64/bin/../lib/gcc/avr/8.4.0/avr5\libgcc.a(_exit.o)
 .text.libgcc.builtins
                0x0000000000000000        0x0 c:/msys64/mingw64/bin/../lib/gcc/avr/8.4.0/avr5\libgcc.a(_exit.o)
 .text.libgcc.fmul
                0x0000000000000000        0x0 c:/msys64/mingw64/bin/../lib/gcc/avr/8.4.0/avr5\libgcc.a(_exit.o)
 .text.libgcc.fixed
                0x0000000000000000        0x0 c:/msys64/mingw64/bin/../lib/gcc/avr/8.4.0/avr5\libgcc.a(_exit.o)
 .text          0x0000000000000000        0x0 c:/msys64/mingw64/bin/../lib/gcc/avr/8.4.0/avr5\libgcc.a(_copy_data.o)
 .data          0x0000000000000000        0x0 c:/msys64/mingw64/bin/../lib/gcc/avr/8.4.0/avr5\libgcc.a(_copy_data.o)
 .bss           0x0000000000000000        0x0 c:/msys64/mingw64/bin/../lib/gcc/avr/8.4.0/avr5\libgcc.a(_copy_data.o)
 .text.libgcc.mul
                0x0000000000000000        0x0 c:/msys64/mingw64/bin/../lib/gcc/avr/8.4.0/avr5\libgcc.a(_copy_data.o)
 .text.libgcc.div
                0x0000000000000000        0x0 c:/msys64/mingw64/bin/../lib/gcc/avr/8.4.0/avr5\libgcc.a(_copy_data.o)
 .text.libgcc   0x0000000000000000        0x0 c:/msys64/mingw64/bin/../lib/gcc/avr/8.4.0/avr5\libgcc.a(_copy_data.o)
 .text.libgcc.prologue
                0x0000000000000000        0x0 c:/msys64/mingw64/bin/../lib/gcc/avr/8.4.0/avr5\libgcc.a(_copy_data.o)
 .text.libgcc.builtins
                0x0000000000000000        0x0 c:/msys64/mingw64/bin/../lib/gcc/avr/8.4.0/avr5\libgcc.a(_copy_data.o)
 .text.libgcc.fmul
                0x0000000000000000        0x0 c:/msys64/mingw64/bin/../lib/gcc/avr/8.4.0/avr5\libgcc.a(_copy_data.o)
 .text.libgcc.fixed
                0x0000000000000000        0x0 c:/msys64/mingw64/bin/../lib/gcc/avr/8.4.0/avr5\libgcc.a(_copy_data.o)
 .text          0x0000000000000000        0x0 c:/msys64/mingw64/bin/../lib/gcc/avr/8.4.0/avr5\libgcc.a(_clear_bss.o)
 .data          0x0000000000000000        0x0 c:/msys64/mingw64/bin/../lib/gcc/avr/8.4.0/avr5\libgcc.a(_clear_bss.o)
 .bss           0x0000000000000000        0x0 c:/msys64/mingw64/bin/../lib/gcc/avr/8.4.0/avr5\libgcc.a(_clear_bss.o)
 .text.libgcc.mul
                0x0000000000000000        0x0 c:/msys64/mingw64/bin/../lib/gcc/avr/8.4.0/avr5\libgcc.a(_clear_bss.o)
 .text.libgcc.div
                0x0000000000000000        0x0 c:/msys64/mingw64/bin/../lib/gcc/avr/8.4.0/avr5\libgcc.a(_clear_bss.o)
 .text.libgcc   0x0000000000000000        0x0 c:/msys64/mingw64/bin/../lib/gcc/avr/8.4.0/avr5\libgcc.a(_clear_bss.o)
 .text.libgcc.prologue
                0x0000000000000000        0x0 c:/msys64/mingw64/bin/../lib/gcc/avr/8.4.0/avr5\libgcc.a(_clear_bss.o)
 .text.libgcc.builtins
                0x0000000000000000        0x0 c:/msys64/mingw64/bin/../lib/gcc/avr/8.4.0/avr5\libgcc.a(_clear_bss.o)
 .text.libgcc.fmul
                0x0000000000000000        0x0 c:/msys64/mingw64/bin/../lib/gcc/avr/8.4.0/avr5\libgcc.a(_clear_bss.o)
 .text.libgcc.fixed
                0x0000000000000000        0x0 c:/msys64/mingw64/bin/../lib/gcc/avr/8.4.0/avr5\libgcc.a(_clear_bss.o)
 .text          0x0000000000000000        0x0 c:/msys64/mingw64/bin/../lib/gcc/avr/8.4.0/../../../../avr/lib/avr5\libatmega328p.a(eerd_byte.o)
 .data          0x0000000000000000        0x0 c:/msys64/mingw64/bin/../lib/gcc/avr/8.4.0/../../../../avr/lib/avr5\libatmega328p.a(eerd_byte.o)
 .bss           0x0000000000000000        0x0 c:/msys64/mingw64/bin/../lib/gcc/avr/8.4.0/../../../../avr/lib/avr5\libatmega328p.a(eerd_byte.o)
 .text          0x0000000000000000        0x0 c:/msys64/mingw64/bin/../lib/gcc/avr/8.4.0/../../../../avr/lib/avr5\libatmega328p.a(eewr_byte.o)
 .data          0x0000000000000000        0x0 c:/msys64/mingw64/bin/../lib/gcc/avr/8.4.0/../../../../avr/lib/avr5\libatmega328p.a(eewr_byte.o)
 .bss           0x0000000000000000        0x0 c:/msys64/mingw64/bin/../lib/gcc/avr/8.4.0/../../../../avr/lib/avr5\libatmega328p.a(eewr_byte.o)

Memory Configuration

Name             Origin             Length             Attributes
text             0x0000000000000000 0x0000000000020000 xr
data             0x0000000000800060 0x000000000000ffa0 rw !x
eeprom           0x0000000000810000 0x0000000000010000 rw !x
fuse             0x0000000000820000 0x0000000000000400 rw !x
lock             0x0000000000830000 0x0000000000000400 rw !x
signature        0x0000000000840000 0x0000000000000400 rw !x
user_signatures  0x0000000000850000 0x0000000000000400 rw !x
*default*        0x0000000000000000 0xffffffffffffffff

Linker script and memory map

Address of section .data set to 0x800100
LOAD c:/msys64/mingw64/bin/../lib/gcc/avr/8.4.0/../../../../avr/lib/avr5/crtatmega328p.o
LOAD usbdrv/usbdrvasm.o
LOAD usbdrv/oddebug.o
LOAD main.o
Address of section .text set to 0x7000
                0x0000000000000000                nullVector = 0x0
START GROUP
LOAD c:/msys64/mingw64/bin/../lib/gcc/avr/8.4.0/avr5\libgcc.a
LOAD c:/msys64/mingw64/bin/../lib/gcc/avr/8.4.0/../../../../avr/lib/avr5\libm.a
LOAD c:/msys64/mingw64/bin/../lib/gcc/avr/8.4.0/../../../../avr/lib/avr5\libc.a
LOAD c:/msys64/mingw64/bin/../lib/gcc/avr/8.4.0/../../../../avr/lib/avr5\libatmega328p.a
END GROUP
                0x0000000000020000                __TEXT_REGION_LENGTH__ = DEFINED (__TEXT_REGION_LENGTH__)?__TEXT_REGION_LENGTH__:0x20000
                0x000000000000ffa0                __DATA_REGION_LENGTH__ = DEFINED (__DATA_REGION_LENGTH__)?__DATA_REGION_LENGTH__:0xffa0
                0x0000000000010000                __EEPROM_REGION_LENGTH__ = DEFINED (__EEPROM_REGION_LENGTH__)?__EEPROM_REGION_LENGTH__:0x10000
                0x0000000000000400                __FUSE_REGION_LENGTH__ = DEFINED (__FUSE_REGION_LENGTH__)?__FUSE_REGION_LENGTH__:0x400
                0x0000000000000400                __LOCK_REGION_LENGTH__ = DEFINED (__LOCK_REGION_LENGTH__)?__LOCK_REGION_LENGTH__:0x400
                0x0000000000000400                __SIGNATURE_REGION_LENGTH__ = DEFINED (__SIGNATURE_REGION_LENGTH__)?__SIGNATURE_REGION_LENGTH__:0x400
                0x0000000000000400                __USER_SIGNATURE_REGION_LENGTH__ = DEFINED (__USER_SIGNATURE_REGION_LENGTH__)?__USER_SIGNATURE_REGION_LENGTH__:0x400

.hash
 *(.hash)

.dynsym
 *(.dynsym)

.dynstr
 *(.dynstr)

.gnu.version
 *(.gnu.version)

.gnu.version_d
 *(.gnu.version_d)

.gnu.version_r
 *(.gnu.version_r)

.rel.init
 *(.rel.init)

.rela.init
 *(.rela.init)

.rel.text
 *(.rel.text)
 *(.rel.text.*)
 *(.rel.gnu.linkonce.t*)

.rela.text
 *(.rela.text)
 *(.rela.text.*)
 *(.rela.gnu.linkonce.t*)

.rel.fini
 *(.rel.fini)

.rela.fini
 *(.rela.fini)

.rel.rodata
 *(.rel.rodata)
 *(.rel.rodata.*)
 *(.rel.gnu.linkonce.r*)

.rela.rodata
 *(.rela.rodata)
 *(.rela.rodata.*)
 *(.rela.gnu.linkonce.r*)

.rel.data
 *(.rel.data)
 *(.rel.data.*)
 *(.rel.gnu.linkonce.d*)

.rela.data
 *(.rela.data)
 *(.rela.data.*)
 *(.rela.gnu.linkonce.d*)

.rel.ctors
 *(.rel.ctors)

.rela.ctors
 *(.rela.ctors)

.rel.dtors
 *(.rel.dtors)

.rela.dtors
 *(.rela.dtors)

.rel.got
 *(.rel.got)

.rela.got
 *(.rela.got)

.rel.bss
 *(.rel.bss)

.rela.bss
 *(.rela.bss)

.rel.plt
 *(.rel.plt)

.rela.plt
 *(.rela.plt)

.text           0x0000000000007000      0x884
 *(.vectors)
 .vectors       0x0000000000007000       0x68 c:/msys64/mingw64/bin/../lib/gcc/avr/8.4.0/../../../../avr/lib/avr5/crtatmega328p.o
                0x0000000000007000                __vector_default
                0x0000000000007000                __vectors
 .vectors       0x0000000000007068       0x1e main.o
                0x0000000000007068                bootloader__do_spm
 *(.vectors)
 *(.progmem.gcc*)
                0x0000000000007086                . = ALIGN (0x2)
                0x0000000000007086                __trampolines_start = .
 *(.trampolines)
 .trampolines   0x0000000000007086        0x0 linker stubs
 *(.trampolines*)
                0x0000000000007086                __trampolines_end = .
 *libprintf_flt.a:*(.progmem.data)
 *libc.a:*(.progmem.data)
 *(.progmem.*)
 .progmem.data  0x0000000000007086       0x52 main.o
                0x0000000000007086                usbDescriptorConfiguration
                0x0000000000007098                usbDescriptorDevice
                0x00000000000070aa                usbDescriptorStringDevice
                0x00000000000070b8                usbDescriptorStringVendor
                0x00000000000070d4                usbDescriptorString0
                0x00000000000070d8                . = ALIGN (0x2)
 *(.lowtext)
 *(.lowtext*)
                0x00000000000070d8                __ctors_start = .
 *(.ctors)
                0x00000000000070d8                __ctors_end = .
                0x00000000000070d8                __dtors_start = .
 *(.dtors)
                0x00000000000070d8                __dtors_end = .
 SORT_BY_NAME(*)(.ctors)
 SORT_BY_NAME(*)(.dtors)
 *(.init0)
 .init0         0x00000000000070d8        0x0 c:/msys64/mingw64/bin/../lib/gcc/avr/8.4.0/../../../../avr/lib/avr5/crtatmega328p.o
                0x00000000000070d8                __init
 *(.init0)
 *(.init1)
 *(.init1)
 *(.init2)
 .init2         0x00000000000070d8        0xc c:/msys64/mingw64/bin/../lib/gcc/avr/8.4.0/../../../../avr/lib/avr5/crtatmega328p.o
 *(.init2)
 *(.init3)
 .init3         0x00000000000070e4       0x18 main.o
                0x00000000000070e4                __BOOTLOADERENTRY_FROMSOFTWARE__bootup_investigate_RAMEND
 *(.init3)
 *(.init4)
 .init4         0x00000000000070fc       0x16 c:/msys64/mingw64/bin/../lib/gcc/avr/8.4.0/avr5\libgcc.a(_copy_data.o)
                0x00000000000070fc                __do_copy_data
 .init4         0x0000000000007112       0x10 c:/msys64/mingw64/bin/../lib/gcc/avr/8.4.0/avr5\libgcc.a(_clear_bss.o)
                0x0000000000007112                __do_clear_bss
 *(.init4)
 *(.init5)
 *(.init5)
 *(.init6)
 *(.init6)
 *(.init7)
 *(.init7)
 *(.init8)
 *(.init8)
 *(.init9)
 .init9         0x0000000000007122        0x4 c:/msys64/mingw64/bin/../lib/gcc/avr/8.4.0/../../../../avr/lib/avr5/crtatmega328p.o
 *(.init9)
 *(.text)
 .text          0x0000000000007126        0x2 c:/msys64/mingw64/bin/../lib/gcc/avr/8.4.0/../../../../avr/lib/avr5/crtatmega328p.o
                0x0000000000007126                __vector_22
                0x0000000000007126                __vector_24
                0x0000000000007126                __vector_12
                0x0000000000007126                __bad_interrupt
                0x0000000000007126                __vector_6
                0x0000000000007126                __vector_3
                0x0000000000007126                __vector_23
                0x0000000000007126                __vector_25
                0x0000000000007126                __vector_11
                0x0000000000007126                __vector_13
                0x0000000000007126                __vector_17
                0x0000000000007126                __vector_19
                0x0000000000007126                __vector_7
                0x0000000000007126                __vector_5
                0x0000000000007126                __vector_4
                0x0000000000007126                __vector_9
                0x0000000000007126                __vector_2
                0x0000000000007126                __vector_21
                0x0000000000007126                __vector_15
                0x0000000000007126                __vector_8
                0x0000000000007126                __vector_14
                0x0000000000007126                __vector_10
                0x0000000000007126                __vector_16
                0x0000000000007126                __vector_18
                0x0000000000007126                __vector_20
 .text          0x0000000000007128      0x25a usbdrv/usbdrvasm.o
                0x0000000000007128                usbCrc16
                0x0000000000007152                usbCrc16Append
                0x000000000000715a                __vector_1
 .text          0x0000000000007382       0xac main.o
                0x0000000000007382                usbFunctionSetup_USBASP_FUNC_TRANSMIT
                0x000000000000742e                . = ALIGN (0x2)
 *(.text.*)
 .text.startup  0x000000000000742e      0x426 main.o
                0x000000000000742e                main
 .text.avr-libc
                0x0000000000007854       0x10 c:/msys64/mingw64/bin/../lib/gcc/avr/8.4.0/../../../../avr/lib/avr5\libatmega328p.a(eerd_byte.o)
                0x0000000000007854                eeprom_read_byte
 .text.avr-libc
                0x0000000000007864       0x1c c:/msys64/mingw64/bin/../lib/gcc/avr/8.4.0/../../../../avr/lib/avr5\libatmega328p.a(eewr_byte.o)
                0x0000000000007864                eeprom_write_byte
                0x0000000000007866                eeprom_write_r18
                0x0000000000007880                . = ALIGN (0x2)
 *(.fini9)
 .fini9         0x0000000000007880        0x0 c:/msys64/mingw64/bin/../lib/gcc/avr/8.4.0/avr5\libgcc.a(_exit.o)
                0x0000000000007880                _exit
                0x0000000000007880                exit
 *(.fini9)
 *(.fini8)
 *(.fini8)
 *(.fini7)
 *(.fini7)
 *(.fini6)
 *(.fini6)
 *(.fini5)
 *(.fini5)
 *(.fini4)
 *(.fini4)
 *(.fini3)
 *(.fini3)
 *(.fini2)
 *(.fini2)
 *(.fini1)
 *(.fini1)
 *(.fini0)
 .fini0         0x0000000000007880        0x4 c:/msys64/mingw64/bin/../lib/gcc/avr/8.4.0/avr5\libgcc.a(_exit.o)
 *(.fini0)
 *(.hightext)
 *(.hightext*)
 *(.progmemx.*)
                0x0000000000007884                . = ALIGN (0x2)
 *(.jumptables)
 *(.jumptables*)
                0x0000000000007884                _etext = .

.data           0x0000000000800100        0x6 load address 0x0000000000007884
                0x0000000000800100                PROVIDE (__data_start = .)
 *(.data)
 .data          0x0000000000800100        0x2 main.o
                0x0000000000800101                usbTxLen
 *(.data*)
 *(.gnu.linkonce.d*)
 *(.rodata)
 .rodata        0x0000000000800102        0x4 main.o
 *(.rodata*)
 *(.gnu.linkonce.r*)
                0x0000000000800106                . = ALIGN (0x2)
                0x0000000000800106                _edata = .
                0x0000000000800106                PROVIDE (__data_end = .)

.bss            0x0000000000800106       0x35
                0x0000000000800106                PROVIDE (__bss_start = .)
 *(.bss)
 .bss           0x0000000000800106        0xb main.o
 *(.bss*)
 *(COMMON)
 COMMON         0x0000000000800111       0x2a main.o
                0x0000000000800111                usbTxBuf
                0x000000000080011c                usbDeviceAddr
                0x000000000080011d                usbRxToken
                0x000000000080011e                usbInputBufOffset
                0x000000000080011f                usbMsgPtr
                0x0000000000800121                usbRxLen
                0x0000000000800122                usbNewDeviceAddr
                0x0000000000800123                usbCurrentTok
                0x0000000000800124                usbConfiguration
                0x0000000000800125                usbRxBuf
                0x000000000080013b                PROVIDE (__bss_end = .)
                0x0000000000007884                __data_load_start = LOADADDR (.data)
                0x000000000000788a                __data_load_end = (__data_load_start + SIZEOF (.data))

.noinit         0x000000000080013b        0x2
                [!provide]                        PROVIDE (__noinit_start = .)
 *(.noinit*)
 .noinit        0x000000000080013b        0x2 main.o
                [!provide]                        PROVIDE (__noinit_end = .)
                0x000000000080013d                _end = .
                [!provide]                        PROVIDE (__heap_start = .)

.eeprom         0x0000000000810000        0x0
 *(.eeprom*)
                0x0000000000810000                __eeprom_end = .

.fuse
 *(.fuse)
 *(.lfuse)
 *(.hfuse)
 *(.efuse)

.lock
 *(.lock*)

.signature
 *(.signature*)

.stab
 *(.stab)

.stabstr
 *(.stabstr)

.stab.excl
 *(.stab.excl)

.stab.exclstr
 *(.stab.exclstr)

.stab.index
 *(.stab.index)

.stab.indexstr
 *(.stab.indexstr)

.comment        0x0000000000000000       0x11
 *(.comment)
 .comment       0x0000000000000000       0x11 main.o
                                         0x12 (size before relaxing)

.note.gnu.avr.deviceinfo
                0x0000000000000000       0x40
 .note.gnu.avr.deviceinfo
                0x0000000000000000       0x40 c:/msys64/mingw64/bin/../lib/gcc/avr/8.4.0/../../../../avr/lib/avr5/crtatmega328p.o

.note.gnu.build-id
 *(.note.gnu.build-id)

.debug
 *(.debug)

.line
 *(.line)

.debug_srcinfo
 *(.debug_srcinfo)

.debug_sfnames
 *(.debug_sfnames)

.debug_aranges  0x0000000000000000       0x50
 *(.debug_aranges)
 .debug_aranges
                0x0000000000000000       0x20 usbdrv/usbdrvasm.o
 .debug_aranges
                0x0000000000000020       0x30 main.o

.debug_pubnames
 *(.debug_pubnames)

.debug_info     0x0000000000000000     0x1569
 *(.debug_info .gnu.linkonce.wi.*)
 .debug_info    0x0000000000000000      0x5f4 c:/msys64/mingw64/bin/../lib/gcc/avr/8.4.0/../../../../avr/lib/avr5/crtatmega328p.o
 .debug_info    0x00000000000005f4       0x26 usbdrv/usbdrvasm.o
 .debug_info    0x000000000000061a      0xf4f main.o

.debug_abbrev   0x0000000000000000      0x99a
 *(.debug_abbrev)
 .debug_abbrev  0x0000000000000000      0x5a2 c:/msys64/mingw64/bin/../lib/gcc/avr/8.4.0/../../../../avr/lib/avr5/crtatmega328p.o
 .debug_abbrev  0x00000000000005a2       0x14 usbdrv/usbdrvasm.o
 .debug_abbrev  0x00000000000005b6      0x3e4 main.o

.debug_line     0x0000000000000000     0x1b9b
 *(.debug_line .debug_line.* .debug_line_end)
 .debug_line    0x0000000000000000       0x1d c:/msys64/mingw64/bin/../lib/gcc/avr/8.4.0/../../../../avr/lib/avr5/crtatmega328p.o
 .debug_line    0x000000000000001d      0x6ef usbdrv/usbdrvasm.o
 .debug_line    0x000000000000070c     0x148f main.o

.debug_frame    0x0000000000000000       0x44
 *(.debug_frame)
 .debug_frame   0x0000000000000000       0x44 main.o

.debug_str      0x0000000000000000     0xcc29
 *(.debug_str)
 .debug_str     0x0000000000000000      0x208 c:/msys64/mingw64/bin/../lib/gcc/avr/8.4.0/../../../../avr/lib/avr5/crtatmega328p.o
 .debug_str     0x0000000000000208       0x60 usbdrv/usbdrvasm.o
 .debug_str     0x0000000000000268     0xc9c1 main.o
                                       0xcc28 (size before relaxing)

.debug_loc      0x0000000000000000      0xbdb
 *(.debug_loc)
 .debug_loc     0x0000000000000000      0xbdb main.o

.debug_macinfo
 *(.debug_macinfo)

.debug_weaknames
 *(.debug_weaknames)

.debug_funcnames
 *(.debug_funcnames)

.debug_typenames
 *(.debug_typenames)

.debug_varnames
 *(.debug_varnames)

.debug_pubtypes
 *(.debug_pubtypes)

.debug_ranges   0x0000000000000000      0x238
 *(.debug_ranges)
 .debug_ranges  0x0000000000000000      0x238 main.o

.debug_macro    0x0000000000000000      0xbd2
 *(.debug_macro)
 .debug_macro   0x0000000000000000      0x240 main.o
 .debug_macro   0x0000000000000240       0x33 main.o
 .debug_macro   0x0000000000000273       0x69 main.o
 .debug_macro   0x00000000000002dc       0x68 main.o
 .debug_macro   0x0000000000000344       0xfd main.o
 .debug_macro   0x0000000000000441       0x33 main.o
 .debug_macro   0x0000000000000474      0x10c main.o
 .debug_macro   0x0000000000000580      0x160 main.o
 .debug_macro   0x00000000000006e0       0x10 main.o
 .debug_macro   0x00000000000006f0      0x160 main.o
 .debug_macro   0x0000000000000850       0x16 main.o
 .debug_macro   0x0000000000000866       0x35 main.o
 .debug_macro   0x000000000000089b      0x288 main.o
 .debug_macro   0x0000000000000b23       0x22 main.o
 .debug_macro   0x0000000000000b45       0x8d main.o

.debug_addr
 *(.debug_addr)
OUTPUT(main.elf elf32-avr)
LOAD linker stubs
